---
source: leptos_macro/src/view/tests.rs
expression: pretty(result)
---
fn view() {
    {
        let _ = ::leptos::leptos_dom::html::div;
        ::leptos::leptos_dom::html::div()
            .child(
                ({
                    let _ = ::leptos::leptos_dom::html::button;
                    ::leptos::leptos_dom::html::button()
                        .on(::leptos::ev::click, move |_| set_value(0))
                        .child("Clear")
                }),
            )
            .child(
                ({
                    let _ = ::leptos::leptos_dom::html::button;
                    ::leptos::leptos_dom::html::button()
                        .on(
                            ::leptos::ev::click,
                            move |_| set_value.update(|value| *value -= step),
                        )
                        .child("-1")
                }),
            )
            .child(
                ({
                    let _ = ::leptos::leptos_dom::html::span;
                    ::leptos::leptos_dom::html::span()
                        .child("Value: ")
                        .child(({ value }))
                        .child("!")
                }),
            )
            .child(
                ({
                    let _ = ::leptos::leptos_dom::html::button;
                    ::leptos::leptos_dom::html::button()
                        .on(
                            ::leptos::ev::click,
                            move |_| set_value.update(|value| *value += step),
                        )
                        .child("+1")
                }),
            )
    }
}

